** Drc report for DB20G-Interface-v10.kicad_pcb **
** Created on 2026-03-23T13:25:21-0400 **
** Report includes: Errors, Warnings, Exclusions **

** Found 32 DRC violations **
[drill_out_of_range]: Hole size out of range (board setup constraints min hole 0.2540 mm; actual 0.2000 mm)
    Rule: board setup constraints; error
    @(108.2600 mm, 121.1500 mm): PTH pad 39 [GND] of U1
[drill_out_of_range]: Hole size out of range (board setup constraints min hole 0.2540 mm; actual 0.2000 mm)
    Rule: board setup constraints; error
    @(109.6600 mm, 121.1500 mm): PTH pad 39 [GND] of U1
[drill_out_of_range]: Hole size out of range (board setup constraints min hole 0.2540 mm; actual 0.2000 mm)
    Rule: board setup constraints; error
    @(107.5600 mm, 120.4500 mm): PTH pad 39 [GND] of U1
[drill_out_of_range]: Hole size out of range (board setup constraints min hole 0.2540 mm; actual 0.2000 mm)
    Rule: board setup constraints; error
    @(108.9600 mm, 120.4500 mm): PTH pad 39 [GND] of U1
[drill_out_of_range]: Hole size out of range (board setup constraints min hole 0.2540 mm; actual 0.2000 mm)
    Rule: board setup constraints; error
    @(110.3600 mm, 120.4500 mm): PTH pad 39 [GND] of U1
[drill_out_of_range]: Hole size out of range (board setup constraints min hole 0.2540 mm; actual 0.2000 mm)
    Rule: board setup constraints; error
    @(108.2600 mm, 119.7500 mm): PTH pad 39 [GND] of U1
[drill_out_of_range]: Hole size out of range (board setup constraints min hole 0.2540 mm; actual 0.2000 mm)
    Rule: board setup constraints; error
    @(109.6600 mm, 119.7500 mm): PTH pad 39 [GND] of U1
[drill_out_of_range]: Hole size out of range (board setup constraints min hole 0.2540 mm; actual 0.2000 mm)
    Rule: board setup constraints; error
    @(107.5600 mm, 119.0500 mm): PTH pad 39 [GND] of U1
[drill_out_of_range]: Hole size out of range (board setup constraints min hole 0.2540 mm; actual 0.2000 mm)
    Rule: board setup constraints; error
    @(108.9600 mm, 119.0500 mm): PTH pad 39 [GND] of U1
[drill_out_of_range]: Hole size out of range (board setup constraints min hole 0.2540 mm; actual 0.2000 mm)
    Rule: board setup constraints; error
    @(110.3600 mm, 119.0500 mm): PTH pad 39 [GND] of U1
[drill_out_of_range]: Hole size out of range (board setup constraints min hole 0.2540 mm; actual 0.2000 mm)
    Rule: board setup constraints; error
    @(108.2600 mm, 118.3500 mm): PTH pad 39 [GND] of U1
[drill_out_of_range]: Hole size out of range (board setup constraints min hole 0.2540 mm; actual 0.2000 mm)
    Rule: board setup constraints; error
    @(109.6600 mm, 118.3500 mm): PTH pad 39 [GND] of U1
[via_dangling]: Via is not connected or connected on only one layer
    Local override; warning
    @(122.2382 mm, 122.6712 mm): Via [PTT_OUT] on Top Layer - Bottom Layer
[silk_edge_clearance]: Silkscreen clipped by board edge
    Rule: board setup constraints silk; warning
    @(100.0000 mm, 86.0000 mm): Segment on Edge.Cuts
    @(118.7850 mm, 82.9300 mm): Segment of J3 on Top Overlay
[silk_edge_clearance]: Silkscreen clipped by board edge
    Rule: board setup constraints silk; warning
    @(100.0000 mm, 86.0000 mm): Segment on Edge.Cuts
    @(135.5150 mm, 82.9300 mm): Segment of J3 on Top Overlay
[silk_edge_clearance]: Silkscreen clipped by board edge
    Rule: board setup constraints silk; warning
    @(100.0000 mm, 153.0000 mm): Segment on Edge.Cuts
    @(99.8991 mm, 88.6730 mm): Reference field of C9
[silk_edge_clearance]: Silkscreen clipped by board edge
    Rule: board setup constraints silk; warning
    @(140.0000 mm, 153.0000 mm): Segment on Edge.Cuts
    @(118.5050 mm, 156.5000 mm): Segment of J2 on Top Overlay
[silk_edge_clearance]: Silkscreen clipped by board edge
    Rule: board setup constraints silk; warning
    @(140.0000 mm, 153.0000 mm): Segment on Edge.Cuts
    @(135.2350 mm, 156.5000 mm): Segment of J2 on Top Overlay
[silk_edge_clearance]: Silkscreen clipped by board edge
    Rule: board setup constraints silk; warning
    @(100.0000 mm, 153.0000 mm): Segment on Edge.Cuts
    @(100.5000 mm, 127.4500 mm): Polygon of U1 on Top Overlay
[silk_edge_clearance]: Silkscreen clipped by board edge
    Rule: board setup constraints silk; warning
    @(100.0000 mm, 153.0000 mm): Segment on Edge.Cuts
    @(100.5120 mm, 95.1460 mm): Reference field of J4
[silk_over_copper]: Silkscreen clipped by solder mask
    Local override; warning
    @(106.9192 mm, 130.0246 mm): Reference field of C5
[silk_over_copper]: Silkscreen clipped by solder mask
    Local override; warning
    @(102.2991 mm, 130.1115 mm): Reference field of C4
[silk_over_copper]: Silkscreen clipped by solder mask
    Local override; warning
    @(107.2664 mm, 132.2052 mm): Reference field of C6
[silk_over_copper]: Silkscreen clipped by solder mask
    Local override; warning
    @(122.9369 mm, 124.9647 mm): Reference field of Q1
[silk_over_copper]: Silkscreen clipped by solder mask
    Local override; warning
    @(125.4671 mm, 112.2105 mm): Reference field of D2
[silk_over_copper]: Silkscreen clipped by solder mask
    Local override; warning
    @(102.2991 mm, 127.7560 mm): Reference field of C3
[silk_overlap]: Silkscreen overlap
    Rule: board setup constraints silk; warning
    @(106.8571 mm, 130.2868 mm): Segment of C8 on Top Overlay
    @(106.9192 mm, 130.0246 mm): Reference field of C5
[silk_overlap]: Silkscreen overlap
    Rule: board setup constraints silk; warning
    @(102.0378 mm, 130.1710 mm): Segment of C3 on Top Overlay
    @(102.2991 mm, 130.1115 mm): Reference field of C4
[silk_overlap]: Silkscreen overlap
    Rule: board setup constraints silk; warning
    @(125.1599 mm, 113.2946 mm): Reference field of R4
    @(125.4671 mm, 112.2105 mm): Reference field of D2
[silk_overlap]: Silkscreen overlap
    Rule: board setup constraints silk; warning
    @(119.2925 mm, 108.3888 mm): Reference field of C2
    @(118.9508 mm, 106.6616 mm): Segment of J5 on Bottom Overlay
[silk_overlap]: Silkscreen overlap
    Rule: board setup constraints silk; warning
    @(119.2925 mm, 108.3888 mm): Reference field of C2
    @(118.9508 mm, 108.0416 mm): Segment of J5 on Bottom Overlay
[silk_overlap]: Silkscreen overlap
    Rule: board setup constraints silk; warning
    @(124.4355 mm, 109.3488 mm): Reference field of C1
    @(125.0128 mm, 99.2472 mm): Segment of K1 on Bottom Overlay

** Found 0 unconnected pads **

** Found 0 Footprint errors **

** End of Report **
